{"level":"info","time":"2025-07-15T11:03:09.462+0800","linenum":"/Users/linyuan/linyuan/AIV5/github/temp/NovaCore/src/tools/logger.go:79","msg":"Live backend Logger init success"}
{"level":"info","time":"2025-07-15T11:03:23.169+0800","linenum":"/Users/linyuan/linyuan/AIV5/github/temp/NovaCore/src/tools/logger.go:79","msg":"Live backend Logger init success"}
{"level":"error","time":"2025-07-15T11:03:23.170+0800","linenum":"/Users/linyuan/linyuan/AIV5/github/temp/NovaCore/src/tools/safeGo.go:16","msg":"SafeGo Panic","error":"this is test","stack":"goroutine 23 [running]:\nruntime/debug.Stack()\n\t/Users/linyuan/go/pkg/mod/golang.org/toolchain@v0.0.1-go1.23.6.darwin-arm64/src/runtime/debug/stack.go:26 +0x64\ngithub.com/yangwoodstar/NovaCore/src/tools.SafeGo.func1.1()\n\t/Users/linyuan/linyuan/AIV5/github/temp/NovaCore/src/tools/safeGo.go:16 +0x118\npanic({0x105089120?, 0x1050f4278?})\n\t/Users/linyuan/go/pkg/mod/golang.org/toolchain@v0.0.1-go1.23.6.darwin-arm64/src/runtime/panic.go:785 +0x124\nmain.TestSafeGo.func1({0x0?, 0x0?})\n\t/Users/linyuan/linyuan/AIV5/github/temp/NovaCore/src/example/main.go:286 +0x2c\ngithub.com/yangwoodstar/NovaCore/src/tools.SafeGo.func1()\n\t/Users/linyuan/linyuan/AIV5/github/temp/NovaCore/src/tools/safeGo.go:20 +0x4c\ncreated by github.com/yangwoodstar/NovaCore/src/tools.SafeGo in goroutine 1\n\t/Users/linyuan/linyuan/AIV5/github/temp/NovaCore/src/tools/safeGo.go:12 +0x7c\n"}
{"level":"info","time":"2025-07-15T11:04:41.131+0800","linenum":"/Users/linyuan/linyuan/AIV5/github/temp/NovaCore/src/tools/logger.go:79","msg":"Live backend Logger init success"}
{"level":"error","time":"2025-07-15T11:04:41.132+0800","linenum":"/Users/linyuan/linyuan/AIV5/github/temp/NovaCore/src/tools/safeGo.go:16","msg":"SafeGo Panic","error":"this is test","stack":"goroutine 21 [running]:\nruntime/debug.Stack()\n\t/Users/linyuan/go/pkg/mod/golang.org/toolchain@v0.0.1-go1.23.6.darwin-arm64/src/runtime/debug/stack.go:26 +0x64\ngithub.com/yangwoodstar/NovaCore/src/tools.SafeGo.func1.1()\n\t/Users/linyuan/linyuan/AIV5/github/temp/NovaCore/src/tools/safeGo.go:16 +0x118\npanic({0x1007f5120?, 0x100860278?})\n\t/Users/linyuan/go/pkg/mod/golang.org/toolchain@v0.0.1-go1.23.6.darwin-arm64/src/runtime/panic.go:785 +0x124\nmain.TestSafeGo.func1({0x0?, 0x0?})\n\t/Users/linyuan/linyuan/AIV5/github/temp/NovaCore/src/example/main.go:286 +0x2c\ngithub.com/yangwoodstar/NovaCore/src/tools.SafeGo.func1()\n\t/Users/linyuan/linyuan/AIV5/github/temp/NovaCore/src/tools/safeGo.go:20 +0x4c\ncreated by github.com/yangwoodstar/NovaCore/src/tools.SafeGo in goroutine 1\n\t/Users/linyuan/linyuan/AIV5/github/temp/NovaCore/src/tools/safeGo.go:12 +0x7c\n"}
{"level":"info","time":"2025-07-15T11:08:22.057+0800","linenum":"/Users/linyuan/linyuan/AIV5/github/temp/NovaCore/src/tools/logger.go:79","msg":"Live backend Logger init success"}
{"level":"error","time":"2025-07-15T11:08:22.058+0800","linenum":"/Users/linyuan/linyuan/AIV5/github/temp/NovaCore/src/tools/safeGo.go:14","msg":"SafeGo Panic","error":"this is test","stack":"goroutine 36 [running]:\nruntime/debug.Stack()\n\t/Users/linyuan/go/pkg/mod/golang.org/toolchain@v0.0.1-go1.23.6.darwin-arm64/src/runtime/debug/stack.go:26 +0x64\ngithub.com/yangwoodstar/NovaCore/src/tools.SafeGo.func1.1()\n\t/Users/linyuan/linyuan/AIV5/github/temp/NovaCore/src/tools/safeGo.go:14 +0x88\npanic({0x100689120?, 0x1006f4278?})\n\t/Users/linyuan/go/pkg/mod/golang.org/toolchain@v0.0.1-go1.23.6.darwin-arm64/src/runtime/panic.go:785 +0x124\nmain.TestSafeGo.func1({0x0?, 0x0?})\n\t/Users/linyuan/linyuan/AIV5/github/temp/NovaCore/src/example/main.go:286 +0x2c\ngithub.com/yangwoodstar/NovaCore/src/tools.SafeGo.func1()\n\t/Users/linyuan/linyuan/AIV5/github/temp/NovaCore/src/tools/safeGo.go:18 +0x4c\ncreated by github.com/yangwoodstar/NovaCore/src/tools.SafeGo in goroutine 1\n\t/Users/linyuan/linyuan/AIV5/github/temp/NovaCore/src/tools/safeGo.go:11 +0x7c\n"}
{"level":"info","time":"2025-07-15T11:10:15.601+0800","linenum":"/Users/linyuan/linyuan/AIV5/github/temp/NovaCore/src/tools/logger.go:79","msg":"Live backend Logger init success"}
{"level":"error","time":"2025-07-15T11:10:15.602+0800","linenum":"/Users/linyuan/linyuan/AIV5/github/temp/NovaCore/src/tools/safeGo.go:14","msg":"SafeGo Panic","error":"this is test","stack":"goroutine 6 [running]:\nruntime/debug.Stack()\n\t/Users/linyuan/go/pkg/mod/golang.org/toolchain@v0.0.1-go1.23.6.darwin-arm64/src/runtime/debug/stack.go:26 +0x64\ngithub.com/yangwoodstar/NovaCore/src/tools.SafeGo.func1.1()\n\t/Users/linyuan/linyuan/AIV5/github/temp/NovaCore/src/tools/safeGo.go:14 +0x88\npanic({0x10078d120?, 0x1007f8278?})\n\t/Users/linyuan/go/pkg/mod/golang.org/toolchain@v0.0.1-go1.23.6.darwin-arm64/src/runtime/panic.go:785 +0x124\nmain.TestSafeGo.func1({0x0?, 0x0?})\n\t/Users/linyuan/linyuan/AIV5/github/temp/NovaCore/src/example/main.go:286 +0x2c\ngithub.com/yangwoodstar/NovaCore/src/tools.SafeGo.func1()\n\t/Users/linyuan/linyuan/AIV5/github/temp/NovaCore/src/tools/safeGo.go:18 +0x4c\ncreated by github.com/yangwoodstar/NovaCore/src/tools.SafeGo in goroutine 1\n\t/Users/linyuan/linyuan/AIV5/github/temp/NovaCore/src/tools/safeGo.go:11 +0x7c\n"}
{"level":"info","time":"2025-07-15T11:13:20.383+0800","linenum":"/Users/linyuan/linyuan/AIV5/github/temp/NovaCore/src/tools/logger.go:79","msg":"Live backend Logger init success"}
{"level":"error","time":"2025-07-15T11:13:20.383+0800","linenum":"/Users/linyuan/linyuan/AIV5/github/temp/NovaCore/src/tools/safeGo.go:14","msg":"SafeGo Panic","error":"this is test","stack":"goroutine 22 [running]:\nruntime/debug.Stack()\n\t/Users/linyuan/go/pkg/mod/golang.org/toolchain@v0.0.1-go1.23.6.darwin-arm64/src/runtime/debug/stack.go:26 +0x64\ngithub.com/yangwoodstar/NovaCore/src/tools.SafeGo.func1.1()\n\t/Users/linyuan/linyuan/AIV5/github/temp/NovaCore/src/tools/safeGo.go:14 +0x88\npanic({0x102f2d140?, 0x102f98310?})\n\t/Users/linyuan/go/pkg/mod/golang.org/toolchain@v0.0.1-go1.23.6.darwin-arm64/src/runtime/panic.go:785 +0x124\nmain.main.func1({0x0?, 0x0?})\n\t/Users/linyuan/linyuan/AIV5/github/temp/NovaCore/src/example/main.go:304 +0x58\ngithub.com/yangwoodstar/NovaCore/src/tools.SafeGo.func1()\n\t/Users/linyuan/linyuan/AIV5/github/temp/NovaCore/src/tools/safeGo.go:18 +0x4c\ncreated by github.com/yangwoodstar/NovaCore/src/tools.SafeGo in goroutine 1\n\t/Users/linyuan/linyuan/AIV5/github/temp/NovaCore/src/tools/safeGo.go:11 +0x7c\n"}
